cumulativedownloadbytes,1
cumulativeuploadbytes,2
cumulativecellulardownloadbytes,3
cumulativecellularuploadbytes,4
cumulativewifidownloadbytes,5
cumulativewifiuploadbytes,6
receivedvoidtestresult,7
isisolatingbackgroundtick,8
hashadriskycontactbackgroundtick,9
receivedpositivetestresult,10
receivednegativetestresult,11
completedquestionnaireandstartedisolation,12
encounterdetectionpausedbackgroundtick,13
completedquestionnairebutdidnotstartisolation,14
totalbackgroundtasks,15
runningnormallybackgroundtick,16
completedonboarding,17
receivedvoidtestresultenteredmanually,18
receivedpositivetestresultenteredmanually,19
receivednegativetestresultenteredmanually,20
receivedvoidtestresultviapolling,21
receivedpositivetestresultviapolling,22
receivednegativetestresultviapolling,23
hasselfdiagnosedbackgroundtick,24
hastestedpositivebackgroundtick,25
isisolatingforselfdiagnosedbackgroundtick,26
isisolatingfortestedpositivebackgroundtick,27
receivedriskycontactnotification,28
startedisolation,29
receivedpositivetestresultwhenisolatingduetoriskycontact,30
receivedactiveipctoken,31
haveactiveipctokenbackgroundtick,32
selectedisolationpaymentsbutton,33
launchedisolationpaymentsapplication,34
receivedpositivelfdtestresultviapolling,35
receivednegativelfdtestresultviapolling,36
receivedvoidlfdtestresultviapolling,37
receivedpositivelfdtestresultenteredmanually,38
receivednegativelfdtestresultenteredmanually,39
receivedvoidlfdtestresultenteredmanually,40
hastestedlfdpositivebackgroundtick,41
isisolatingfortestedlfdpositivebackgroundtick,42
totalexposurewindowsnotconsideredrisky,43
totalexposurewindowsconsideredrisky,44
hasriskycontactnotificationsenabledbackgroundtick,45
totalriskycontactremindernotifications,46
receivedunconfirmedpositivetestresult,47
isisolatingforunconfirmedtestbackgroundtick,48
launchedtestordering,49
didhavesymptomsbeforereceivedtestresult,50
didrememberonsetsymptomsdatebeforereceivedtestresult,51
didaskforsymptomsonpositivetestentry,52
declarednegativeresultfromdct,53
receivedpositiveselfrapidtestresultviapolling,54
receivednegativeselfrapidtestresultviapolling,55
receivedvoidselfrapidtestresultviapolling,56
receivedpositiveselfrapidtestresultenteredmanually,57
receivednegativeselfrapidtestresultenteredmanually,58
receivedvoidselfrapidtestresultenteredmanually,59
isisolatingfortestedselfrapidpositivebackgroundtick,60
hastestedselfrapidpositivebackgroundtick,61
totalalarmmanagerbackgroundtasks,62
missingpacketslast7days,63
consentedtosharevenuehistory,64
askedtosharevenuehistory,65
askedtoshareexposurekeysintheinitialflow,66
consentedtoshareexposurekeysintheinitialflow,67
totalshareexposurekeysremindernotifications,68
consentedtoshareexposurekeysinreminderscreen,69
successfullysharedexposurekeys,70
didsendlocalinfonotification,71
didaccesslocalinfoscreenvianotification,72
didaccesslocalinfoscreenviabanner,73
isdisplayinglocalinfobackgroundtick,74
positivelabresultafterpositivelfd,75
negativelabresultafterpositivelfdwithintimelimit,76
negativelabresultafterpositivelfdoutsidetimelimit,77
positivelabresultafterpositiveselfrapidtest,78
negativelabresultafterpositiveselfrapidtestwithintimelimit,79
negativelabresultafterpositiveselfrapidtestoutsidetimelimit,80
optedoutforcontactisolation,81
optedoutforcontactisolationbackgroundtick,82
appisusablebackgroundtick,83
appiscontacttraceablebackgroundtick,84
appisusablebluetoothoffbackgroundtick,85