cumulativedownloadbytes,1
cumulativeuploadbytes,2
cumulativecellulardownloadbytes,3
cumulativecellularuploadbytes,4
cumulativewifidownloadbytes,5
cumulativewifiuploadbytes,6
receivedvoidtestresult,7
isisolatingbackgroundtick,8
hashadriskycontactbackgroundtick,9
receivedpositivetestresult,10
receivednegativetestresult,11
completedquestionnaireandstartedisolation,12
encounterdetectionpausedbackgroundtick,13
completedquestionnairebutdidnotstartisolation,14
totalbackgroundtasks,15
runningnormallybackgroundtick,16
completedonboarding,17
receivedvoidtestresultenteredmanually,18
receivedpositivetestresultenteredmanually,19
receivednegativetestresultenteredmanually,20
receivedvoidtestresultviapolling,21
receivedpositivetestresultviapolling,22
receivednegativetestresultviapolling,23
hasselfdiagnosedbackgroundtick,24
hastestedpositivebackgroundtick,25
isisolatingforselfdiagnosedbackgroundtick,26
isisolatingfortestedpositivebackgroundtick,27
receivedriskycontactnotification,28
startedisolation,29
receivedactiveipctoken,null
haveactiveipctokenbackgroundtick,null
selectedisolationpaymentsbutton,null
launchedisolationpaymentsapplication,null
receivedpositivelfdtestresultenteredmanually,34
hastestedlfdpositivebackgroundtick,35
isisolatingfortestedlfdpositivebackgroundtick,36
totalexposurewindowsnotconsideredrisky,37
totalexposurewindowsconsideredrisky,38
hasriskycontactnotificationsenabledbackgroundtick,39
totalriskycontactremindernotifications,40
receivedunconfirmedpositivetestresult,41
isisolatingforunconfirmedtestbackgroundtick,42
launchedtestordering,43
didhavesymptomsbeforereceivedtestresult,44
didrememberonsetsymptomsdatebeforereceivedtestresult,45
didaskforsymptomsonpositivetestentry,46
receivedpositiveselfrapidtestresultenteredmanually,47
isisolatingfortestedselfrapidpositivebackgroundtick,48
hastestedselfrapidpositivebackgroundtick,49
totalalarmmanagerbackgroundtasks,50
missingpacketslast7days,51
askedtoshareexposurekeysintheinitialflow,52
consentedtoshareexposurekeysintheinitialflow,53
totalshareexposurekeysremindernotifications,54
consentedtoshareexposurekeysinreminderscreen,55
successfullysharedexposurekeys,56
didsendlocalinfonotification,57
didaccesslocalinfoscreenvianotification,58
didaccesslocalinfoscreenviabanner,59
isdisplayinglocalinfobackgroundtick,60
positivelabresultafterpositivelfd,61
negativelabresultafterpositivelfdwithintimelimit,62
negativelabresultafterpositivelfdoutsidetimelimit,63
positivelabresultafterpositiveselfrapidtest,64
negativelabresultafterpositiveselfrapidtestwithintimelimit,65
negativelabresultafterpositiveselfrapidtestoutsidetimelimit,66
optedoutforcontactisolation,67
optedoutforcontactisolationbackgroundtick,68
appisusablebackgroundtick,69
appiscontacttraceablebackgroundtick,70
appisusablebluetoothoffbackgroundtick,71
completedv2symptomsquestionnaire,72
completedv2symptomsquestionnaireandstayathome,73
hascompletedv2symptomsquestionnairebackgroundtick,74
hascompletedv2symptomsquestionnaireandstayathomebackgroundtick,75