cumulativedownloadbytes,1
cumulativeuploadbytes,2
cumulativecellulardownloadbytes,3
cumulativecellularuploadbytes,4
cumulativewifidownloadbytes,5
cumulativewifiuploadbytes,6
receivedvoidtestresult,7
isisolatingbackgroundtick,8
hashadriskycontactbackgroundtick,9
receivedpositivetestresult,10
receivednegativetestresult,11
encounterdetectionpausedbackgroundtick,12
totalbackgroundtasks,13
runningnormallybackgroundtick,14
completedonboarding,15
receivedvoidtestresultenteredmanually,16
receivedpositivetestresultenteredmanually,17
receivednegativetestresultenteredmanually,18
receivedvoidtestresultviapolling,19
receivedpositivetestresultviapolling,20
receivednegativetestresultviapolling,21
isisolatingfortestedpositivebackgroundtick,22
receivedriskycontactnotification,23
startedisolation,24
receivedactiveipctoken,null
haveactiveipctokenbackgroundtick,null
selectedisolationpaymentsbutton,null
launchedisolationpaymentsapplication,null
receivedpositivelfdtestresultenteredmanually,29
isisolatingfortestedlfdpositivebackgroundtick,30
totalexposurewindowsnotconsideredrisky,31
totalexposurewindowsconsideredrisky,32
hasriskycontactnotificationsenabledbackgroundtick,33
totalriskycontactremindernotifications,34
receivedunconfirmedpositivetestresult,35
isisolatingforunconfirmedtestbackgroundtick,36
launchedtestordering,37
didhavesymptomsbeforereceivedtestresult,38
didrememberonsetsymptomsdatebeforereceivedtestresult,39
receivedpositiveselfrapidtestresultenteredmanually,40
isisolatingfortestedselfrapidpositivebackgroundtick,41
totalalarmmanagerbackgroundtasks,42
missingpacketslast7days,43
askedtoshareexposurekeysintheinitialflow,44
consentedtoshareexposurekeysintheinitialflow,45
totalshareexposurekeysremindernotifications,46
consentedtoshareexposurekeysinreminderscreen,47
successfullysharedexposurekeys,48
didsendlocalinfonotification,49
didaccesslocalinfoscreenvianotification,50
didaccesslocalinfoscreenviabanner,51
isdisplayinglocalinfobackgroundtick,52
positivelabresultafterpositivelfd,53
negativelabresultafterpositivelfdwithintimelimit,54
negativelabresultafterpositivelfdoutsidetimelimit,55
positivelabresultafterpositiveselfrapidtest,56
negativelabresultafterpositiveselfrapidtestwithintimelimit,57
negativelabresultafterpositiveselfrapidtestoutsidetimelimit,58
optedoutforcontactisolation,59
optedoutforcontactisolationbackgroundtick,60
appisusablebackgroundtick,61
appiscontacttraceablebackgroundtick,62
appisusablebluetoothoffbackgroundtick,63
completedv2symptomsquestionnaire,64
completedv2symptomsquestionnaireandstayathome,65
completedv3symptomsquestionnaireandhassymptoms,66
selfreportedvoidselflfdtestresultenteredmanually,67
selfreportednegativeselflfdtestresultenteredmanually,68
ispositiveselflfdfree,69
selfreportedpositiveselflfdongov,70
completedselfreportingtestflow,71