cumulativedownloadbytes,0
cumulativeuploadbytes,1
cumulativecellulardownloadbytes,2
cumulativecellularuploadbytes,3
cumulativewifidownloadbytes,4
cumulativewifiuploadbytes,5
checkedin,6
canceledcheckin,7
receivedvoidtestresult,8
isisolatingbackgroundtick,9
hashadriskycontactbackgroundtick,10
receivedpositivetestresult,11
receivednegativetestresult,12
hasselfdiagnosedpositivebackgroundtick,13
completedquestionnaireandstartedisolation,14
encounterdetectionpausedbackgroundtick,15
completedquestionnairebutdidnotstartisolation,16
totalbackgroundtasks,17
runningnormallybackgroundtick,18
completedonboarding,19
receivedvoidtestresultenteredmanually,20
receivedpositivetestresultenteredmanually,21
receivednegativetestresultenteredmanually,22
receivedvoidtestresultviapolling,23
receivedpositivetestresultviapolling,24
receivednegativetestresultviapolling,25
hasselfdiagnosedbackgroundtick,26
hastestedpositivebackgroundtick,27
isisolatingforselfdiagnosedbackgroundtick,28
isisolatingfortestedpositivebackgroundtick,29
isisolatingforhadriskycontactbackgroundtick,30
receivedriskycontactnotification,31
startedisolation,32
receivedpositivetestresultwhenisolatingduetoriskycontact,33
receivedactiveipctoken,34
haveactiveipctokenbackgroundtick,35
selectedisolationpaymentsbutton,36
launchedisolationpaymentsapplication,37
receivedpositivelfdtestresultviapolling,38
receivednegativelfdtestresultviapolling,39
receivedvoidlfdtestresultviapolling,40
receivedpositivelfdtestresultenteredmanually,41
receivednegativelfdtestresultenteredmanually,42
receivedvoidlfdtestresultenteredmanually,43
hastestedlfdpositivebackgroundtick,44
isisolatingfortestedlfdpositivebackgroundtick,45
totalexposurewindowsnotconsideredrisky,46
totalexposurewindowsconsideredrisky,47
acknowledgedstartofisolationduetoriskycontact,48
hasriskycontactnotificationsenabledbackgroundtick,49
totalriskycontactremindernotifications,50
receivedunconfirmedpositivetestresult,51
isisolatingforunconfirmedtestbackgroundtick,52
launchedtestordering,53
didhavesymptomsbeforereceivedtestresult,54
didrememberonsetsymptomsdatebeforereceivedtestresult,55
didaskforsymptomsonpositivetestentry,56
declarednegativeresultfromdct,57
receivedpositiveselfrapidtestresultviapolling,58
receivednegativeselfrapidtestresultviapolling,59
receivedvoidselfrapidtestresultviapolling,60
receivedpositiveselfrapidtestresultenteredmanually,61
receivednegativeselfrapidtestresultenteredmanually,62
receivedvoidselfrapidtestresultenteredmanually,63
isisolatingfortestedselfrapidpositivebackgroundtick,64
hastestedselfrapidpositivebackgroundtick,65
receivedriskyvenuem1warning,66
receivedriskyvenuem2warning,67
hasreceivedriskyvenuem2warningbackgroundtick,68
totalalarmmanagerbackgroundtasks,69
missingpacketslast7days,70
consentedtosharevenuehistory,71
askedtosharevenuehistory,72
askedtoshareexposurekeysintheinitialflow,73
consentedtoshareexposurekeysintheinitialflow,74
totalshareexposurekeysremindernotifications,75
consentedtoshareexposurekeysinreminderscreen,76
successfullysharedexposurekeys,77
didsendlocalinfonotification,78
didaccesslocalinfoscreenvianotification,79
didaccesslocalinfoscreenviabanner,80
isdisplayinglocalinfobackgroundtick,81
positivelabresultafterpositivelfd,82
negativelabresultafterpositivelfdwithintimelimit,83
negativelabresultafterpositivelfdoutsidetimelimit,84
positivelabresultafterpositiveselfrapidtest,85
negativelabresultafterpositiveselfrapidtestwithintimelimit,86
negativelabresultafterpositiveselfrapidtestoutsidetimelimit,87
didaccessriskyvenuem2notification,88
selectedtaketestm2journey,89
selectedtaketestlaterm2journey,90
selectedhassymptomsm2journey,91
selectedhasnosymptomsm2journey,92
selectedlfdtestorderingm2journey,93
selectedhaslfdtestm2journey,94