cumulativedownloadbytes,1
cumulativeuploadbytes,2
cumulativecellulardownloadbytes,3
cumulativecellularuploadbytes,4
cumulativewifidownloadbytes,5
cumulativewifiuploadbytes,6
checkedin,7
canceledcheckin,8
receivedvoidtestresult,9
isisolatingbackgroundtick,10
hashadriskycontactbackgroundtick,11
receivedpositivetestresult,12
receivednegativetestresult,13
hasselfdiagnosedpositivebackgroundtick,14
completedquestionnaireandstartedisolation,15
encounterdetectionpausedbackgroundtick,16
completedquestionnairebutdidnotstartisolation,17
totalbackgroundtasks,18
runningnormallybackgroundtick,19
completedonboarding,20
receivedvoidtestresultenteredmanually,21
receivedpositivetestresultenteredmanually,22
receivednegativetestresultenteredmanually,23
receivedvoidtestresultviapolling,24
receivedpositivetestresultviapolling,25
receivednegativetestresultviapolling,26
hasselfdiagnosedbackgroundtick,27
hastestedpositivebackgroundtick,28
isisolatingforselfdiagnosedbackgroundtick,29
isisolatingfortestedpositivebackgroundtick,30
isisolatingforhadriskycontactbackgroundtick,31
receivedriskycontactnotification,32
startedisolation,33
receivedpositivetestresultwhenisolatingduetoriskycontact,34
receivedactiveipctoken,35
haveactiveipctokenbackgroundtick,36
selectedisolationpaymentsbutton,37
launchedisolationpaymentsapplication,38
receivedpositivelfdtestresultviapolling,39
receivednegativelfdtestresultviapolling,40
receivedvoidlfdtestresultviapolling,41
receivedpositivelfdtestresultenteredmanually,42
receivednegativelfdtestresultenteredmanually,43
receivedvoidlfdtestresultenteredmanually,44
hastestedlfdpositivebackgroundtick,45
isisolatingfortestedlfdpositivebackgroundtick,46
totalexposurewindowsnotconsideredrisky,47
totalexposurewindowsconsideredrisky,48
acknowledgedstartofisolationduetoriskycontact,49
hasriskycontactnotificationsenabledbackgroundtick,50
totalriskycontactremindernotifications,51
receivedunconfirmedpositivetestresult,52
isisolatingforunconfirmedtestbackgroundtick,53
launchedtestordering,54
didhavesymptomsbeforereceivedtestresult,55
didrememberonsetsymptomsdatebeforereceivedtestresult,56
didaskforsymptomsonpositivetestentry,57
declarednegativeresultfromdct,58
receivedpositiveselfrapidtestresultviapolling,59
receivednegativeselfrapidtestresultviapolling,60
receivedvoidselfrapidtestresultviapolling,61
receivedpositiveselfrapidtestresultenteredmanually,62
receivednegativeselfrapidtestresultenteredmanually,63
receivedvoidselfrapidtestresultenteredmanually,64
isisolatingfortestedselfrapidpositivebackgroundtick,65
hastestedselfrapidpositivebackgroundtick,66
receivedriskyvenuem1warning,67
receivedriskyvenuem2warning,68
hasreceivedriskyvenuem2warningbackgroundtick,69
totalalarmmanagerbackgroundtasks,70
missingpacketslast7days,71
consentedtosharevenuehistory,72
askedtosharevenuehistory,73
askedtoshareexposurekeysintheinitialflow,74
consentedtoshareexposurekeysintheinitialflow,75
totalshareexposurekeysremindernotifications,76
consentedtoshareexposurekeysinreminderscreen,77
successfullysharedexposurekeys,78
didsendlocalinfonotification,79
didaccesslocalinfoscreenvianotification,80
didaccesslocalinfoscreenviabanner,81
isdisplayinglocalinfobackgroundtick,82
positivelabresultafterpositivelfd,83
negativelabresultafterpositivelfdwithintimelimit,84
negativelabresultafterpositivelfdoutsidetimelimit,85
positivelabresultafterpositiveselfrapidtest,86
negativelabresultafterpositiveselfrapidtestwithintimelimit,87
negativelabresultafterpositiveselfrapidtestoutsidetimelimit,88
didaccessriskyvenuem2notification,89
selectedtaketestm2journey,90
selectedtaketestlaterm2journey,91
selectedhassymptomsm2journey,92
selectedhasnosymptomsm2journey,93
selectedlfdtestorderingm2journey,94
selectedhaslfdtestm2journey,95
optedoutforcontactisolation,96
optedoutforcontactisolationbackgroundtick,97
appisusablebackgroundtick,98
appiscontacttraceablebackgroundtick,99