{"lastFetch":"2021-11-16T17:00:00Z","metadata":{"england":{"newCasesBySpecimenDateRollingRate":{"lastUpdate":"2021-11-10"}},"wales":{"newCasesBySpecimenDateRollingRate":{"lastUpdate":"2021-11-10"}},"lowerTierLocalAuthorities":{"newCasesByPublishDate":{"lastUpdate":"2021-11-16"},"newCasesByPublishDateChange":{"lastUpdate":"2021-11-16"},"newCasesByPublishDateDirection":{"lastUpdate":"2021-11-16"},"newCasesByPublishDateRollingSum":{"lastUpdate":"2021-11-16"},"newCasesBySpecimenDateRollingRate":{"lastUpdate":"2021-11-11"},"newCasesByPublishDateChangePercentage":{"lastUpdate":"2021-11-16"}}},"england":{"newCasesBySpecimenDateRollingRate":353},"wales":{"newCasesBySpecimenDateRollingRate":491.9},"lowerTierLocalAuthorities":{"E06000003":{"name":"Redcar and Cleveland","newCasesByPublishDate":63,"newCasesByPublishDateChange":-85,"newCasesByPublishDateDirection":"DOWN","newCasesByPublishDateRollingSum":545,"newCasesBySpecimenDateRollingRate":416.1,"newCasesByPublishDateChangePercentage":-13.5}}}